main.c:80:6:myprintf	16	static
main.c:91:10:ReInitializeRX	24	static
main.c:100:10:InitializeRX	24	static
main.c:115:6:HAL_UART_RxCpltCallback	16	static
main.c:126:6:ResetDisplay	8	static
main.c:135:6:showError	16	static
main.c:144:15:millis	8	static
main.c:148:10:genieGetByteCount	8	static
main.c:154:6:geniePutByte	16	static
main.c:161:9:genieGetByte	16	static
main.c:169:9:geniePeekByte	8	static
main.c:174:6:myDebugHandler	16	static
main.c:180:6:myGenieEventHandler	16	static
main.c:262:5:main	24	static
main.c:358:6:SystemClock_Config	96	static
main.c:402:13:MX_USART1_UART_Init	8	static
main.c:437:13:MX_USART2_UART_Init	8	static
main.c:472:13:MX_GPIO_Init	48	static
main.c:507:6:Error_Handler	8	static
