visi_genie.c:12:6:genieBegin	16	static
visi_genie.c:47:9:genieReadObject	32	static
visi_genie.c:61:10:genieWriteObject	40	static
visi_genie.c:93:9:genieWriteContrast	40	static
visi_genie.c:118:10:genieWriteStr	48	static
visi_genie.c:153:10:genieWriteStrU	48	static
visi_genie.c:191:6:genieEventIs	24	static
visi_genie.c:195:10:genieGetEventData	16	static
visi_genie.c:199:9:genieDequeueEvent	16	static
visi_genie.c:209:9:genieDoEvents	40	static
visi_genie.c:420:6:genieAttachDebugger	16	static
visi_genie.c:424:6:genieAttachEventHandler	24	static
visi_genie.c:448:6:genieAttachMagicByteReader	16	static
visi_genie.c:452:6:genieAttachMagicDoubleByteReader	16	static
visi_genie.c:457:6:genieOnline	8	static
visi_genie.c:461:10:genieUptime	8	static
visi_genie.c:468:9:genieCurrentForm	8	static
visi_genie.c:472:6:genieActivateForm	16	static
visi_genie.c:476:6:genieRecover	16	static
visi_genie.c:480:9:genieTimeout	16	static
visi_genie.c:487:9:geniePing	16	static
visi_genie.c:509:10:genieEnableAutoPing	32	static
visi_genie.c:544:10:_genieWriteMagicBytes	48	static
visi_genie.c:580:10:_genieWriteMagicDBytes	48	static
visi_genie.c:618:9:genieGetNextByte	24	static
visi_genie.c:648:10:genieGetNextDoubleByte	32	static
visi_genie.c:684:9:genieEnqueueEvent	32	static
